<html>
<body>
<pre>
<h1>礦ision Build Log</h1>
<h2>Tool Versions:</h2>
IDE-Version: μVision V5.14.0.0
Copyright (C) 2015 ARM Ltd and ARM Germany GmbH. All rights reserved.
License Information: HuangNoubo WONG, zhongguoerzhong, LIC=NQQ9U-ST131-0NFAM-XBD77-KJDCE-V06HP
 
Tool Versions:
Toolchain:       MDK-ARM Standard  Version: 5.14.0.0
Toolchain Path:  C:\Program Files\MDK5\ARM\ARMCC\Bin
C Compiler:      Armcc.exe V5.05 update 1 (build 106)
Assembler:       Armasm.exe V5.05 update 1 (build 106)
Linker/Locator:  ArmLink.exe V5.05 update 1 (build 106)
Library Manager: ArmAr.exe V5.05 update 1 (build 106)
Hex Converter:   FromElf.exe V5.05 update 1 (build 106)
CPU DLL:         SARMCM3.DLL V5.14.0.0
Dialog DLL:      DARMSTM.DLL V1.65.0.0
Target DLL:      STLink\ST-LINKIII-KEIL_SWO.dll V2.0.14.0_KEIL
Dialog DLL:      TARMSTM.DLL V1.64.0.0
 
<h2>Project:</h2>
C:\Users\10120\Desktop\勇哥的大项目\1kg比较准了 +USMART\USER\ADC.uvprojx
Project File Date:  11/29/2017

<h2>Output:</h2>
Build target 'ADC'
compiling main.c...
..\HARDWARE\HX711\hx711.h(5): warning:  #1-D: last line of file ends without a newline
  void Hx711_Filter(int a,int b);//300g
main.c(15): warning:  #177-D: variable "adcx" was declared but never referenced
         u16 adcx;
main.c(16): warning:  #177-D: variable "temp" was declared but never referenced
        float temp;
main.c: 3 warnings, 0 errors
linking...
Program Size: Code=18786 RO-data=610 RW-data=372 ZI-data=1836  
FromELF: creating hex file...
"..\OBJ\ADC.axf" - 0 Error(s), 3 Warning(s).

<h2>Collection of Component include folders:</h2>
  C:\Users\10120\Desktop\勇哥的大项目\1kg比较准了 +USMART\USER\RTE
  C:\Program Files\MDK5\ARM\PACK\Keil\STM32F1xx_DFP\1.0.5\Device\Include

<h2>Collection of Component Files used:</h2>
</pre>
</body>
</html>
